// Vitest Snapshot v1, https://vitest.dev/guide/snapshot.html

exports[`mounts exactly the same endpoints and middleware 1`] = `
[
  "DELETE /v1/baskets/:bid/draft/files/:linkId handlers=2",
  "DELETE /v1/me/sessions/:id handlers=2",
  "DELETE /v1/memberships/:mid/verification/documents/:docId handlers=2",
  "DELETE /v1/ops/assets/:id/logo handlers=3",
  "DELETE /v1/ops/roles/:id handlers=3",
  "DELETE /v1/organizations/:id/draft/documents/:docId handlers=2",
  "GET /health/ handlers=1",
  "GET /v1/assets/ handlers=1",
  "GET /v1/assets/:id handlers=2",
  "GET /v1/baskets/:bid handlers=2",
  "GET /v1/baskets/:bid/adoption handlers=2",
  "GET /v1/baskets/:bid/preview handlers=2",
  "GET /v1/baskets/:bid/versions handlers=2",
  "GET /v1/baskets/:bid/versions/:vid/diff handlers=2",
  "GET /v1/baskets/:slug/investability handlers=3",
  "GET /v1/manager-applications/status handlers=2",
  "GET /v1/me/ handlers=1",
  "GET /v1/me/discovery/suggested handlers=1",
  "GET /v1/me/eligibility handlers=1",
  "GET /v1/me/invitations handlers=1",
  "GET /v1/me/manager-profile handlers=1",
  "GET /v1/me/notification-preferences/ handlers=1",
  "GET /v1/me/notifications handlers=1",
  "GET /v1/me/sessions handlers=1",
  "GET /v1/memberships/:mid handlers=2",
  "GET /v1/memberships/:mid/verification handlers=2",
  "GET /v1/operations/:id handlers=2",
  "GET /v1/ops/applications handlers=2",
  "GET /v1/ops/applications/:id handlers=3",
  "GET /v1/ops/asset-issuers handlers=2",
  "GET /v1/ops/asset-providers handlers=2",
  "GET /v1/ops/asset-tags handlers=2",
  "GET /v1/ops/assets handlers=2",
  "GET /v1/ops/assets/:id handlers=3",
  "GET /v1/ops/assets/:id/prices handlers=3",
  "GET /v1/ops/baskets handlers=2",
  "GET /v1/ops/baskets/:bid handlers=3",
  "GET /v1/ops/disclosure-templates handlers=2",
  "GET /v1/ops/fees handlers=2",
  "GET /v1/ops/fees/overrides handlers=2",
  "GET /v1/ops/manager-profiles handlers=2",
  "GET /v1/ops/members handlers=2",
  "GET /v1/ops/members/:mid handlers=3",
  "GET /v1/ops/members/:mid/documents/:docId/download handlers=3",
  "GET /v1/ops/operations/:id/legs/:legId/lifi-transfers handlers=3",
  "GET /v1/ops/organizations handlers=2",
  "GET /v1/ops/organizations/:id handlers=3",
  "GET /v1/ops/organizations/:id/documents/:docId/download handlers=3",
  "GET /v1/ops/revenue handlers=2",
  "GET /v1/ops/roles handlers=2",
  "GET /v1/ops/routing handlers=2",
  "GET /v1/organizations/:id handlers=2",
  "GET /v1/organizations/:id/baskets handlers=2",
  "GET /v1/organizations/:id/earnings handlers=2",
  "GET /v1/organizations/:id/members handlers=2",
  "GET /v1/organizations/:id/roles handlers=2",
  "GET /v1/organizations/mine handlers=1",
  "GET /v1/portfolio/ handlers=1",
  "GET /v1/public/baskets handlers=1",
  "GET /v1/public/baskets/:slug handlers=3",
  "GET /v1/public/discovery/baskets handlers=1",
  "GET /v1/public/discovery/collections handlers=1",
  "GET /v1/public/fees handlers=1",
  "GET /v1/public/managers/:handle handlers=2",
  "GET /v1/public/organizations/:id handlers=2",
  "PATCH /v1/baskets/:bid/assignments/:aid handlers=2",
  "PATCH /v1/baskets/:bid/draft handlers=2",
  "PATCH /v1/me/notification-preferences/ handlers=2",
  "PATCH /v1/memberships/:mid/profile handlers=2",
  "PATCH /v1/memberships/:mid/verification handlers=2",
  "PATCH /v1/ops/asset-issuers/:id handlers=3",
  "PATCH /v1/ops/asset-providers/:id handlers=3",
  "PATCH /v1/ops/assets/:id handlers=3",
  "PATCH /v1/ops/assets/:id/deployments/:did handlers=3",
  "PATCH /v1/ops/assets/:id/deployments/:did/fee-on-transfer handlers=3",
  "PATCH /v1/ops/assets/:id/deployments/:did/permissioned handlers=3",
  "PATCH /v1/ops/assets/:id/routes/:rid handlers=3",
  "PATCH /v1/ops/assets/:id/rules/:ruleId handlers=3",
  "PATCH /v1/organizations/:id/draft handlers=2",
  "PATCH /v1/organizations/:id/roles/:rid handlers=2",
  "POST /v1/auth/challenge handlers=3",
  "POST /v1/auth/logout handlers=2",
  "POST /v1/auth/logout-all handlers=2",
  "POST /v1/auth/reassign handlers=3",
  "POST /v1/auth/verify handlers=3",
  "POST /v1/baskets/:bid/assignments handlers=2",
  "POST /v1/baskets/:bid/assignments/:aid/end handlers=2",
  "POST /v1/baskets/:bid/draft/files handlers=2",
  "POST /v1/baskets/:bid/draft/files/:fileId/confirm handlers=2",
  "POST /v1/baskets/:bid/pause handlers=2",
  "POST /v1/baskets/:bid/publish handlers=2",
  "POST /v1/baskets/:bid/resume handlers=2",
  "POST /v1/baskets/:bid/retirement-request handlers=2",
  "POST /v1/baskets/:bid/submit handlers=2",
  "POST /v1/baskets/:bid/validate handlers=2",
  "POST /v1/baskets/:bid/versions handlers=2",
  "POST /v1/baskets/:bid/withdraw handlers=2",
  "POST /v1/manager-applications/ handlers=2",
  "POST /v1/manager-applications/:id/confirm-email handlers=2",
  "POST /v1/manager-applications/:id/resend-code handlers=2",
  "POST /v1/manager-applications/reply handlers=3",
  "POST /v1/me/chain-accounts/bitcoin/challenge handlers=2",
  "POST /v1/me/chain-accounts/bitcoin/verify handlers=2",
  "POST /v1/me/contacts/ handlers=2",
  "POST /v1/me/contacts/:id/resend handlers=2",
  "POST /v1/me/contacts/:id/verify handlers=2",
  "POST /v1/me/eligibility handlers=2",
  "POST /v1/me/manager-profile/publish handlers=1",
  "POST /v1/me/manager-profile/unpublish handlers=1",
  "POST /v1/me/notifications/read handlers=2",
  "POST /v1/me/push-tokens handlers=2",
  "POST /v1/me/push-tokens/revoke handlers=2",
  "POST /v1/memberships/:mid/accept handlers=2",
  "POST /v1/memberships/:mid/decline handlers=2",
  "POST /v1/memberships/:mid/leave handlers=2",
  "POST /v1/memberships/:mid/verification/documents handlers=2",
  "POST /v1/memberships/:mid/verification/documents/:docId/confirm handlers=2",
  "POST /v1/memberships/:mid/verification/submit handlers=2",
  "POST /v1/operations/:id/cancel handlers=2",
  "POST /v1/operations/:id/legs/:legId/quote handlers=2",
  "POST /v1/operations/:id/legs/:legId/submit handlers=2",
  "POST /v1/operations/invest handlers=2",
  "POST /v1/operations/rebalance handlers=2",
  "POST /v1/operations/repair handlers=2",
  "POST /v1/operations/sell handlers=2",
  "POST /v1/ops/applications/:id/notes handlers=3",
  "POST /v1/ops/applications/:id/transition handlers=3",
  "POST /v1/ops/asset-issuers handlers=3",
  "POST /v1/ops/asset-providers handlers=3",
  "POST /v1/ops/asset-tags handlers=3",
  "POST /v1/ops/asset-tags/:id/retire handlers=3",
  "POST /v1/ops/assets handlers=3",
  "POST /v1/ops/assets/:id/activate handlers=3",
  "POST /v1/ops/assets/:id/decision handlers=3",
  "POST /v1/ops/assets/:id/deployments handlers=3",
  "POST /v1/ops/assets/:id/deployments/:did/verify handlers=3",
  "POST /v1/ops/assets/:id/deployments/:itemId/activate handlers=3",
  "POST /v1/ops/assets/:id/deployments/:itemId/approve handlers=3",
  "POST /v1/ops/assets/:id/deployments/:itemId/pause handlers=3",
  "POST /v1/ops/assets/:id/deployments/:itemId/resume handlers=3",
  "POST /v1/ops/assets/:id/deployments/:itemId/retire handlers=3",
  "POST /v1/ops/assets/:id/deprecate handlers=3",
  "POST /v1/ops/assets/:id/logo handlers=3",
  "POST /v1/ops/assets/:id/logo/:fileId/confirm handlers=3",
  "POST /v1/ops/assets/:id/nav handlers=3",
  "POST /v1/ops/assets/:id/pause handlers=3",
  "POST /v1/ops/assets/:id/resume handlers=3",
  "POST /v1/ops/assets/:id/retire handlers=3",
  "POST /v1/ops/assets/:id/routes handlers=3",
  "POST /v1/ops/assets/:id/routes/:itemId/activate handlers=3",
  "POST /v1/ops/assets/:id/routes/:itemId/approve handlers=3",
  "POST /v1/ops/assets/:id/routes/:itemId/pause handlers=3",
  "POST /v1/ops/assets/:id/routes/:itemId/resume handlers=3",
  "POST /v1/ops/assets/:id/routes/:itemId/retire handlers=3",
  "POST /v1/ops/assets/:id/rules handlers=3",
  "POST /v1/ops/assets/:id/submit handlers=3",
  "POST /v1/ops/baskets/:bid/assignments/:aid/decision handlers=3",
  "POST /v1/ops/baskets/:bid/pause handlers=3",
  "POST /v1/ops/baskets/:bid/resume handlers=3",
  "POST /v1/ops/baskets/:bid/retire handlers=3",
  "POST /v1/ops/baskets/:bid/retirement/decision handlers=3",
  "POST /v1/ops/baskets/:bid/versions/:vid/decision handlers=3",
  "POST /v1/ops/disclosure-templates handlers=3",
  "POST /v1/ops/disclosure-templates/:id/retire handlers=3",
  "POST /v1/ops/fees handlers=3",
  "POST /v1/ops/fees/overrides handlers=3",
  "POST /v1/ops/fees/overrides/:id/end handlers=3",
  "POST /v1/ops/manager-profiles/:id/hide handlers=3",
  "POST /v1/ops/manager-profiles/:id/unhide handlers=3",
  "POST /v1/ops/members/:mid/decision handlers=3",
  "POST /v1/ops/operations/:id/legs/:legId/resolve handlers=3",
  "POST /v1/ops/organizations/:id/notes handlers=3",
  "POST /v1/ops/organizations/:id/payout-wallets/:walletId/decision handlers=3",
  "POST /v1/ops/organizations/:id/transfer-ownership handlers=3",
  "POST /v1/ops/organizations/:id/transition handlers=3",
  "POST /v1/ops/organizations/:id/versions/:versionId/decision handlers=3",
  "POST /v1/ops/roles handlers=3",
  "POST /v1/ops/routing/:id/allow handlers=3",
  "POST /v1/ops/routing/deny handlers=3",
  "POST /v1/organizations/ handlers=2",
  "POST /v1/organizations/:id/baskets handlers=2",
  "POST /v1/organizations/:id/change-request handlers=2",
  "POST /v1/organizations/:id/change-request/submit handlers=2",
  "POST /v1/organizations/:id/documents handlers=2",
  "POST /v1/organizations/:id/documents/:docId/confirm handlers=2",
  "POST /v1/organizations/:id/members/:mid/cancel handlers=2",
  "POST /v1/organizations/:id/members/:mid/removal/cancel handlers=2",
  "POST /v1/organizations/:id/members/:mid/removal/confirm handlers=2",
  "POST /v1/organizations/:id/members/:mid/remove handlers=2",
  "POST /v1/organizations/:id/members/:mid/role handlers=2",
  "POST /v1/organizations/:id/members/invitations handlers=2",
  "POST /v1/organizations/:id/payout-wallet handlers=2",
  "POST /v1/organizations/:id/payout-wallet/challenge handlers=2",
  "POST /v1/organizations/:id/payout-wallet/verify handlers=2",
  "POST /v1/organizations/:id/roles handlers=2",
  "POST /v1/organizations/:id/roles/:rid/archive handlers=2",
  "POST /v1/organizations/:id/submit handlers=2",
  "POST /v1/portfolio/sync handlers=2",
  "POST /v1/positions/:id/close handlers=2",
  "POST /v1/positions/:id/custom handlers=2",
  "POST /v1/positions/:id/custom/revert handlers=2",
  "POST /v1/positions/:id/leave handlers=2",
  "POST /v1/positions/:id/skip handlers=2",
  "POST /v1/public/discovery/ai-search handlers=2",
  "PUT /v1/me/manager-profile handlers=2",
  "PUT /v1/ops/assets/:id/price-references/:kind handlers=3",
  "PUT /v1/ops/baskets/:id/featured handlers=3",
  "PUT /v1/organizations/:id/members/:mid/custom-role handlers=2",
  "USE / cookieParser",
  "USE / csrfGuard",
  "USE / errorHandler",
  "USE / jsonParser",
  "USE / logger",
  "USE / noCors",
  "USE / notFoundHandler",
  "USE / rejectDualAuth",
  "USE / requestContext",
  "USE /v1/assets requireSession",
  "USE /v1/baskets ",
  "USE /v1/baskets requireSession",
  "USE /v1/me requireSession",
  "USE /v1/me/contacts requireSession",
  "USE /v1/me/notification-preferences requireSession",
  "USE /v1/memberships ",
  "USE /v1/memberships requireSession",
  "USE /v1/operations ",
  "USE /v1/operations requireSession",
  "USE /v1/ops ",
  "USE /v1/ops requireSession",
  "USE /v1/organizations ",
  "USE /v1/organizations requireSession",
  "USE /v1/portfolio requireSession",
  "USE /v1/positions requireSession",
]
`;
